Last login: Thu Jan 29 20:14:26 on ttys000

The default interactive shell is now zsh.
To update your account to use zsh, please run `chsh -s /bin/zsh`.
For more details, please visit https://support.apple.com/kb/HT208050.
(base) Caitlins-MacBook-Pro-9:~ ccmorrison$ ssh ccm6056@oedipus.bioinformatics.rit.edu
RIT information technology resources are for the use of the RIT community only.
By using RIT information technology resources you acknowledge that you have read
and comply with RIT's Code of Conduct for Computer and Network Use and RIT's
Information Security Policy and Standards. Use of RIT information technology
resources may be monitored and unauthorized use is strictly prohibited.
ccm6056@oedipus.bioinformatics.rit.edu's password: 
Linux oedipus 6.12.63+deb13-amd64 #1 SMP PREEMPT_DYNAMIC Debian 6.12.63-1 (2025-12-30) x86_64

The programs included with the Debian GNU/Linux system are free software;
the exact distribution terms for each program are described in the
individual files in /usr/share/doc/*/copyright.

Debian GNU/Linux comes with ABSOLUTELY NO WARRANTY, to the extent
permitted by applicable law.
Last login: Thu Jan 29 20:14:58 2026 from 10.118.24.176
ccm6056@oedipus:~$ ls
ccm6056@oedipus:~$ mkdir saltmarsh
ccm6056@oedipus:~$ ls
saltmarsh
ccm6056@oedipus:~$ cd saltmarsh
ccm6056@oedipus:~/saltmarsh$ pwd
/home/ccm6056/saltmarsh
ccm6056@oedipus:~/saltmarsh$ cd ..
ccm6056@oedipus:~$ pwd
/home/ccm6056
ccm6056@oedipus:~$ mkdir test
ccm6056@oedipus:~$ cd test
ccm6056@oedipus:~/test$ cat>file.text
HI

^Z
[1]+  Stopped                 cat > file.text
ccm6056@oedipus:~/test$ ls
file.text
ccm6056@oedipus:~/test$ head file.text 
HI

ccm6056@oedipus:~/test$ rm -fr test
ccm6056@oedipus:~/test$ ls
file.text
ccm6056@oedipus:~/test$ cd..
-bash: cd..: command not found
ccm6056@oedipus:~/test$ cd ..
ccm6056@oedipus:~$ rm -fr test
ccm6056@oedipus:~$ ls
saltmarsh
ccm6056@oedipus:~$ conda activate bioinfo_env 
(bioinfo_env) ccm6056@oedipus:~$ cd saltmarsh
(bioinfo_env) ccm6056@oedipus:~/saltmarsh$ mkdir rawdata
(bioinfo_env) ccm6056@oedipus:~/saltmarsh$ cd rawdata
(bioinfo_env) ccm6056@oedipus:~/saltmarsh/rawdata$ pwd
/home/ccm6056/saltmarsh/rawdata
(bioinfo_env) ccm6056@oedipus:~/saltmarsh/rawdata$ prefetch -f yes SRR11277344
2026-02-02T15:26:22 prefetch.3.2.1: 1) Resolving 'SRR11277344'...
2026-02-02T15:26:23 prefetch.3.2.1: Current preference is set to retrieve SRA Normalized Format files with full base quality scores
2026-02-02T15:26:24 prefetch.3.2.1: 1) Downloading 'SRR11277344'...
2026-02-02T15:26:24 prefetch.3.2.1:  SRA Normalized Format file is being retrieved
2026-02-02T15:26:24 prefetch.3.2.1:  Downloading via HTTPS...
2026-02-02T15:26:24 prefetch.3.2.1:  HTTPS download succeed
2026-02-02T15:26:24 prefetch.3.2.1:  'SRR11277344' is valid: 17475781 bytes were streamed from 17468501
2026-02-02T15:26:24 prefetch.3.2.1: 1) 'SRR11277344' was downloaded successfully
2026-02-02T15:26:24 prefetch.3.2.1: 1) Resolving 'SRR11277344's dependencies...
2026-02-02T15:26:24 prefetch.3.2.1: 'SRR11277344' has 0 dependencies
(bioinfo_env) ccm6056@oedipus:~/saltmarsh/rawdata$ ls
SRR11277344
(bioinfo_env) ccm6056@oedipus:~/saltmarsh/rawdata$ vdb-validate ~/saltmarsh/rawdata/SRR11277344/SRR11277344.sra
2026-02-02T15:26:45 vdb-validate.3.2.1 info: Database 'SRR11277344.sra' metadata: md5 ok
2026-02-02T15:26:45 vdb-validate.3.2.1 info: Table 'SEQUENCE' metadata: md5 ok
2026-02-02T15:26:45 vdb-validate.3.2.1 info: Column 'QUALITY': md5 ok
2026-02-02T15:26:45 vdb-validate.3.2.1 info: Column 'READ': md5 ok
2026-02-02T15:26:45 vdb-validate.3.2.1 info: Column 'READ_LEN': md5 ok
2026-02-02T15:26:45 vdb-validate.3.2.1 info: Column 'READ_START': md5 ok
2026-02-02T15:26:45 vdb-validate.3.2.1 info: Database '/home/ccm6056/saltmarsh/rawdata/SRR11277344/SRR11277344.sra' contains only unaligned reads
2026-02-02T15:26:45 vdb-validate.3.2.1 info: Database 'SRR11277344.sra' is consistent
(bioinfo_env) ccm6056@oedipus:~/saltmarsh/rawdata$ fastq-dump  \
    -W \
    --split-files \
    --read-filter pass \
    --gzip \
    --skip-technical \
    ~/saltmarsh/rawdata/SRR11277344/SRR11277344.sra
Read 61166 spots for /home/ccm6056/saltmarsh/rawdata/SRR11277344/SRR11277344.sra
Written 61166 spots for /home/ccm6056/saltmarsh/rawdata/SRR11277344/SRR11277344.sra
(bioinfo_env) ccm6056@oedipus:~/saltmarsh/rawdata$ ls
SRR11277344  SRR11277344_pass_1.fastq.gz  SRR11277344_pass_2.fastq.gz
(bioinfo_env) ccm6056@oedipus:~/saltmarsh/rawdata$ head SRR11277344_pass_1.fastq.gz
?ɒ???5?????6L$?@?X??^??{?֫~k?????)?T?TW?????C???????j??ׯ??lN??????????????&eBP!?)????4?<?&??D??cJ)?e???????AA?Kb
                    ^J??I?????j???sӻ:
                                     ?oM??ݧ ?M?)???w'|"???Z?S󇎟H?K??8?^J?x???xxN`?Y????˳y????u?V5?Ї18c?
           a?S?6????V?#???u????;??3x??э??{z???i??~?-?=|;?m
???Ϯ??$w??E?*????\??Mz????府O?Wx?%?G"^p+??Y?%P?B          aL[?x??ǽ|?????3?
                                                (pa邩)ㅏ?)
                                                          P?"^pH?˔??g???2^𡔜v?????>)?Eፗx???Y????փ֊?3i??/??K???=?5????1]o~X`??3F?ΰX@&???y?Ï3??-??O[g	?>!)~|??Re??~Z??mB??x??.??
                                                                                          ??,_Vx???Vx	[?L*J
UUՍք    ??o?1??i????<]??????5?_??t???@?6}???????9`C[:??e??^?{????u}??????ȲlMY?mW??(????W-}??m??ƭ[??AU??0?$v?5^???wɗx$???
                             ?"xQ/Q?|N?L?N?lօ??SYM?
                                                   ?A?.?
                                                        ??ʷ?F?iybzG?p?/-+?xH_?(#?-???@>@???%??Ak?S???ՠ?!?S?)V6Q??F??v?,[l??e                                        G??о??ĈO?j??D:??K?\$RΞ@J??r???`?x7??%9?+????6?i?t?]TA=??K????n??0??v???$_?-l?B)%?D????w??W=
                                                         ?5^???????w?(_?w?Y???H??#??}??a??N?!????]P}?Y?\#?aI}t?1=?KFmH#?-_U??	:??jCf<3B??B??n?dC??FGe?>\ou??B?+ڡ?bt????!?T?Zbf?x???י??h4?"?(???(P??	??/?u\h=I?g?|ƈ?C???(x???<?k?|5^j??
                  onp1,ަT??????Q??)??C?
                                      ??a????fQ????
??/]n??ӷ???i????
                ????f.?0g0:??@?W????5dFC?m2??XPa?^.?r.??????ｐ??S^tVWXx?9x?GMO6????u2?H?wК@L???@??*??C??'?q?`oL?)Ѥ?̈xoi?Nk2?lI??????G????%??2e?,?#????:???_X^
                                                                 (???_?????/??Z?_L?????b??Šd?0????b?Q??e?.,Z.??bO??`?I??:?????%??v&?????[oӗ?N?gDSU???HN?I?l?j"'??z}?Ȍ??*	둽?-H?ו??e??????]a?w?Ũ?xi??_?P?Ȋ???&???i?x?B?0|y?u
                                        ???!F>@D??z?I%?1Ę?bԆ??w=vەQlR????F??a???qz???jQ?뵾^??B??W?סҵ??zA?+Y?????m?-	?????d???????;o?
                                                "??,od,??xHY?t??T?Q?f?O?L???)???L?G?ʢ#ùk	)m٩?Ho?o[يH?}O]҃??z??z???Լ????L?0??YH????~
                                        3?e%?V??L???l'QM?h??BCDQ	(?)?l????=??r?????
                                                                                          ??L???{g??ִ$Dq?Q0??-??s,?,?M???[$gΧ?#O?g03-0c>??!f?3a???#̘?z3ەa???lO???6?'??	??
                                                                                  ?R??QU?Uz K?
   _???g~?BMFr]ѫ?s?y??g}?dik?۾?&???}Pt佧??):?y?l?{S?l]?I??I?t??,n?t5??n*?q?x
                                                                            ??8?:]???d2?ȁ
                                                                                         ??dE??M>?ewȪ7?W??w?\Nͱ???[6???M2?0?ͨ,
                                  ?!G???'
                                         9??At?1?+?zd?~?c3?~?Ѥi?&>ˆ?|$g?+??1??^tR?%A<.A?h???]??7ZL$l4????5?????6#?J???-???j$5T??g?L??$????Y???w.q?!R??}??+?CH;/.
?m???????0c?0c?QG??2f>π2f?+??F$x(       ?]???q???v?"?                ???P?nJ?????C??"?$?

dTʎ`{'???Q??F??cA???"?qSݠ?m?K?)???K6?y;5/??|?3?3fe5Mb0?&3?&V$??#
?1?Vv?V
??x@?TE?ƶ?,??+b?w??`???5??>?Xםr?R-?F\?̞?n?????????݄???????6?ߪ?jBړt??y???k?ʞ?1?`??,0b(
?}?B?a?????f??k????????	`?@?d̘f&?4?af?2l4??f??G?	?<??G
<5]?                                                 A???o????f?}?.?3P???|ܽ?C#
?6?/??vߑ
?@?~zxx =	1í???G??h?Di5?2?n??U?m|__h?:^??'?M-?:
}W                                                   И%NC???I??H_
  ?޶????3?wf??ó
ǈ?B7ͧ?V?IE?0??r??d????tS8??veTQOCW????V?j?#?s&???qO?5?ȫ֗K?ӿw???o$?#?2?e]?鏨 D|}g?8?wū????jCe?(D
V:}??>h?k??D???@յ?+????;Kb?W?܁?p?:YM$?T9?]?^I?pC??g??o?f?N?????>9>???B??˻D?4?hS?<z?>3e>3m3?f>???}.?j?2?c4??????AL2???s?y?=???[0?E?l6??͇V??~?~i??!p'/҆???Չ?X???????Y?L???r???W?lW??0pg??=ci2
   "?ct$???|4?&??j??%?Q???Đ!?`$I-W	?R??0U׏??+????L jJ?O??s?_????է?G~?????HS??g??VF???桜ɏ?8?	o?C3??????1??ڇ???#6u?x?&??p!:
d!????hQO??դ?ʜ?IOXC(??U?8?????0И A1????=\ ,Bc*P??
                                                  ???}J?oP]޹9??~??I7?wt??J7}3ە?c????t??1`\??+e?[???1????/??i?/~?c?UW&?Q?ϠT??Z?~???x??
5#Q?)?^/0?]???+(???H?????%?b7J҃?Q?d??Baf4鐔?{??y=6$u??=?cF??B???3ӌ?i??%?3j??f?J7?5?&??G?
                                                       )?<pFU|?3^Nʙ???z??F_???`?r:???߉???d?^J˃A$Ɣ??ĵg)?C???i?LE?ݗ<yލ%3f??$m?Wt?<????hL?|?$?8o
                                                  ?l??X*??Li?m;x????>_O?8?13W?L?t/??nZě1?Y???&?n
(bioinfo_env) ccm6056@oedipus:~/saltmarsh/rawdata$ ls
SRR11277344  SRR11277344_pass_1.fastq.gz  SRR11277344_pass_2.fastq.gz
(bioinfo_env) ccm6056@oedipus:~/saltmarsh/rawdata$ 
(bioinfo_env) ccm6056@oedipus:~/saltmarsh/rawdata$ 
